[2021-08-30 13:48:18] local.ERROR: SQLSTATE[28000] [1045] Access denied for user 'root'@'localhost' (using password: NO) (SQL: select * from information_schema.tables where table_schema = efodia and table_name = migrations and table_type = 'BASE TABLE') {"exception":"[object] (Illuminate\\Database\\QueryException(code: 1045): SQLSTATE[28000] [1045] Access denied for user 'root'@'localhost' (using password: NO) (SQL: select * from information_schema.tables where table_schema = efodia and table_name = migrations and table_type = 'BASE TABLE') at /home/otgpanel2017/public_html/[WEBSITES]/efodia.com/user/api/vendor/laravel/framework/src/Illuminate/Database/Connection.php:671)
[stacktrace]
#0 /home/otgpanel2017/public_html/[WEBSITES]/efodia.com/user/api/vendor/laravel/framework/src/Illuminate/Database/Connection.php(631): Illuminate\\Database\\Connection->runQueryCallback('select * from i...', Array, Object(Closure))
#1 /home/otgpanel2017/public_html/[WEBSITES]/efodia.com/user/api/vendor/laravel/framework/src/Illuminate/Database/Connection.php(339): Illuminate\\Database\\Connection->run('select * from i...', Array, Object(Closure))
#2 /home/otgpanel2017/public_html/[WEBSITES]/efodia.com/user/api/vendor/laravel/framework/src/Illuminate/Database/Schema/MySqlBuilder.php(18): Illuminate\\Database\\Connection->select('select * from i...', Array)
#3 /home/otgpanel2017/public_html/[WEBSITES]/efodia.com/user/api/vendor/laravel/framework/src/Illuminate/Database/Migrations/DatabaseMigrationRepository.php(169): Illuminate\\Database\\Schema\\MySqlBuilder->hasTable('migrations')
#4 /home/otgpanel2017/public_html/[WEBSITES]/efodia.com/user/api/vendor/laravel/framework/src/Illuminate/Database/Migrations/Migrator.php(608): Illuminate\\Database\\Migrations\\DatabaseMigrationRepository->repositoryExists()
#5 /home/otgpanel2017/public_html/[WEBSITES]/efodia.com/user/api/vendor/laravel/framework/src/Illuminate/Database/Console/Migrations/MigrateCommand.php(93): Illuminate\\Database\\Migrations\\Migrator->repositoryExists()
#6 /home/otgpanel2017/public_html/[WEBSITES]/efodia.com/user/api/vendor/laravel/framework/src/Illuminate/Database/Console/Migrations/MigrateCommand.php(64): Illuminate\\Database\\Console\\Migrations\\MigrateCommand->prepareDatabase()
#7 /home/otgpanel2017/public_html/[WEBSITES]/efodia.com/user/api/vendor/laravel/framework/src/Illuminate/Database/Migrations/Migrator.php(541): Illuminate\\Database\\Console\\Migrations\\MigrateCommand->Illuminate\\Database\\Console\\Migrations\\{closure}()
#8 /home/otgpanel2017/public_html/[WEBSITES]/efodia.com/user/api/vendor/laravel/framework/src/Illuminate/Database/Console/Migrations/MigrateCommand.php(81): Illuminate\\Database\\Migrations\\Migrator->usingConnection(NULL, Object(Closure))
#9 /home/otgpanel2017/public_html/[WEBSITES]/efodia.com/user/api/vendor/laravel/framework/src/Illuminate/Container/BoundMethod.php(36): Illuminate\\Database\\Console\\Migrations\\MigrateCommand->handle()
#10 /home/otgpanel2017/public_html/[WEBSITES]/efodia.com/user/api/vendor/laravel/framework/src/Illuminate/Container/Util.php(37): Illuminate\\Container\\BoundMethod::Illuminate\\Container\\{closure}()
#11 /home/otgpanel2017/public_html/[WEBSITES]/efodia.com/user/api/vendor/laravel/framework/src/Illuminate/Container/BoundMethod.php(93): Illuminate\\Container\\Util::unwrapIfClosure(Object(Closure))
#12 /home/otgpanel2017/public_html/[WEBSITES]/efodia.com/user/api/vendor/laravel/framework/src/Illuminate/Container/BoundMethod.php(37): Illuminate\\Container\\BoundMethod::callBoundMethod(Object(Illuminate\\Foundation\\Application), Array, Object(Closure))
#13 /home/otgpanel2017/public_html/[WEBSITES]/efodia.com/user/api/vendor/laravel/framework/src/Illuminate/Container/Container.php(596): Illuminate\\Container\\BoundMethod::call(Object(Illuminate\\Foundation\\Application), Array, Array, NULL)
#14 /home/otgpanel2017/public_html/[WEBSITES]/efodia.com/user/api/vendor/laravel/framework/src/Illuminate/Console/Command.php(134): Illuminate\\Container\\Container->call(Array)
#15 /home/otgpanel2017/public_html/[WEBSITES]/efodia.com/user/api/vendor/symfony/console/Command/Command.php(299): Illuminate\\Console\\Command->execute(Object(Symfony\\Component\\Console\\Input\\ArgvInput), Object(Illuminate\\Console\\OutputStyle))
#16 /home/otgpanel2017/public_html/[WEBSITES]/efodia.com/user/api/vendor/laravel/framework/src/Illuminate/Console/Command.php(121): Symfony\\Component\\Console\\Command\\Command->run(Object(Symfony\\Component\\Console\\Input\\ArgvInput), Object(Illuminate\\Console\\OutputStyle))
#17 /home/otgpanel2017/public_html/[WEBSITES]/efodia.com/user/api/vendor/symfony/console/Application.php(978): Illuminate\\Console\\Command->run(Object(Symfony\\Component\\Console\\Input\\ArgvInput), Object(Symfony\\Component\\Console\\Output\\ConsoleOutput))
#18 /home/otgpanel2017/public_html/[WEBSITES]/efodia.com/user/api/vendor/symfony/console/Application.php(295): Symfony\\Component\\Console\\Application->doRunCommand(Object(Illuminate\\Database\\Console\\Migrations\\MigrateCommand), Object(Symfony\\Component\\Console\\Input\\ArgvInput), Object(Symfony\\Component\\Console\\Output\\ConsoleOutput))
#19 /home/otgpanel2017/public_html/[WEBSITES]/efodia.com/user/api/vendor/symfony/console/Application.php(167): Symfony\\Component\\Console\\Application->doRun(Object(Symfony\\Component\\Console\\Input\\ArgvInput), Object(Symfony\\Component\\Console\\Output\\ConsoleOutput))
#20 /home/otgpanel2017/public_html/[WEBSITES]/efodia.com/user/api/vendor/laravel/framework/src/Illuminate/Console/Application.php(93): Symfony\\Component\\Console\\Application->run(Object(Symfony\\Component\\Console\\Input\\ArgvInput), Object(Symfony\\Component\\Console\\Output\\ConsoleOutput))
#21 /home/otgpanel2017/public_html/[WEBSITES]/efodia.com/user/api/vendor/laravel/framework/src/Illuminate/Foundation/Console/Kernel.php(129): Illuminate\\Console\\Application->run(Object(Symfony\\Component\\Console\\Input\\ArgvInput), Object(Symfony\\Component\\Console\\Output\\ConsoleOutput))
#22 /home/otgpanel2017/public_html/[WEBSITES]/efodia.com/user/api/artisan(37): Illuminate\\Foundation\\Console\\Kernel->handle(Object(Symfony\\Component\\Console\\Input\\ArgvInput), Object(Symfony\\Component\\Console\\Output\\ConsoleOutput))
#23 {main}

[previous exception] [object] (PDOException(code: 1045): SQLSTATE[28000] [1045] Access denied for user 'root'@'localhost' (using password: NO) at /home/otgpanel2017/public_html/[WEBSITES]/efodia.com/user/api/vendor/laravel/framework/src/Illuminate/Database/Connectors/Connector.php:70)
[stacktrace]
#0 /home/otgpanel2017/public_html/[WEBSITES]/efodia.com/user/api/vendor/laravel/framework/src/Illuminate/Database/Connectors/Connector.php(70): PDO->__construct('mysql:host=127....', 'root', '', Array)
#1 /home/otgpanel2017/public_html/[WEBSITES]/efodia.com/user/api/vendor/laravel/framework/src/Illuminate/Database/Connectors/Connector.php(46): Illuminate\\Database\\Connectors\\Connector->createPdoConnection('mysql:host=127....', 'root', '', Array)
#2 /home/otgpanel2017/public_html/[WEBSITES]/efodia.com/user/api/vendor/laravel/framework/src/Illuminate/Database/Connectors/MySqlConnector.php(24): Illuminate\\Database\\Connectors\\Connector->createConnection('mysql:host=127....', Array, Array)
#3 /home/otgpanel2017/public_html/[WEBSITES]/efodia.com/user/api/vendor/laravel/framework/src/Illuminate/Database/Connectors/ConnectionFactory.php(184): Illuminate\\Database\\Connectors\\MySqlConnector->connect(Array)
#4 [internal function]: Illuminate\\Database\\Connectors\\ConnectionFactory->Illuminate\\Database\\Connectors\\{closure}()
#5 /home/otgpanel2017/public_html/[WEBSITES]/efodia.com/user/api/vendor/laravel/framework/src/Illuminate/Database/Connection.php(926): call_user_func(Object(Closure))
#6 /home/otgpanel2017/public_html/[WEBSITES]/efodia.com/user/api/vendor/laravel/framework/src/Illuminate/Database/Connection.php(961): Illuminate\\Database\\Connection->getPdo()
#7 /home/otgpanel2017/public_html/[WEBSITES]/efodia.com/user/api/vendor/laravel/framework/src/Illuminate/Database/Connection.php(405): Illuminate\\Database\\Connection->getReadPdo()
#8 /home/otgpanel2017/public_html/[WEBSITES]/efodia.com/user/api/vendor/laravel/framework/src/Illuminate/Database/Connection.php(331): Illuminate\\Database\\Connection->getPdoForSelect(true)
#9 /home/otgpanel2017/public_html/[WEBSITES]/efodia.com/user/api/vendor/laravel/framework/src/Illuminate/Database/Connection.php(664): Illuminate\\Database\\Connection->Illuminate\\Database\\{closure}('select * from i...', Array)
#10 /home/otgpanel2017/public_html/[WEBSITES]/efodia.com/user/api/vendor/laravel/framework/src/Illuminate/Database/Connection.php(631): Illuminate\\Database\\Connection->runQueryCallback('select * from i...', Array, Object(Closure))
#11 /home/otgpanel2017/public_html/[WEBSITES]/efodia.com/user/api/vendor/laravel/framework/src/Illuminate/Database/Connection.php(339): Illuminate\\Database\\Connection->run('select * from i...', Array, Object(Closure))
#12 /home/otgpanel2017/public_html/[WEBSITES]/efodia.com/user/api/vendor/laravel/framework/src/Illuminate/Database/Schema/MySqlBuilder.php(18): Illuminate\\Database\\Connection->select('select * from i...', Array)
#13 /home/otgpanel2017/public_html/[WEBSITES]/efodia.com/user/api/vendor/laravel/framework/src/Illuminate/Database/Migrations/DatabaseMigrationRepository.php(169): Illuminate\\Database\\Schema\\MySqlBuilder->hasTable('migrations')
#14 /home/otgpanel2017/public_html/[WEBSITES]/efodia.com/user/api/vendor/laravel/framework/src/Illuminate/Database/Migrations/Migrator.php(608): Illuminate\\Database\\Migrations\\DatabaseMigrationRepository->repositoryExists()
#15 /home/otgpanel2017/public_html/[WEBSITES]/efodia.com/user/api/vendor/laravel/framework/src/Illuminate/Database/Console/Migrations/MigrateCommand.php(93): Illuminate\\Database\\Migrations\\Migrator->repositoryExists()
#16 /home/otgpanel2017/public_html/[WEBSITES]/efodia.com/user/api/vendor/laravel/framework/src/Illuminate/Database/Console/Migrations/MigrateCommand.php(64): Illuminate\\Database\\Console\\Migrations\\MigrateCommand->prepareDatabase()
#17 /home/otgpanel2017/public_html/[WEBSITES]/efodia.com/user/api/vendor/laravel/framework/src/Illuminate/Database/Migrations/Migrator.php(541): Illuminate\\Database\\Console\\Migrations\\MigrateCommand->Illuminate\\Database\\Console\\Migrations\\{closure}()
#18 /home/otgpanel2017/public_html/[WEBSITES]/efodia.com/user/api/vendor/laravel/framework/src/Illuminate/Database/Console/Migrations/MigrateCommand.php(81): Illuminate\\Database\\Migrations\\Migrator->usingConnection(NULL, Object(Closure))
#19 /home/otgpanel2017/public_html/[WEBSITES]/efodia.com/user/api/vendor/laravel/framework/src/Illuminate/Container/BoundMethod.php(36): Illuminate\\Database\\Console\\Migrations\\MigrateCommand->handle()
#20 /home/otgpanel2017/public_html/[WEBSITES]/efodia.com/user/api/vendor/laravel/framework/src/Illuminate/Container/Util.php(37): Illuminate\\Container\\BoundMethod::Illuminate\\Container\\{closure}()
#21 /home/otgpanel2017/public_html/[WEBSITES]/efodia.com/user/api/vendor/laravel/framework/src/Illuminate/Container/BoundMethod.php(93): Illuminate\\Container\\Util::unwrapIfClosure(Object(Closure))
#22 /home/otgpanel2017/public_html/[WEBSITES]/efodia.com/user/api/vendor/laravel/framework/src/Illuminate/Container/BoundMethod.php(37): Illuminate\\Container\\BoundMethod::callBoundMethod(Object(Illuminate\\Foundation\\Application), Array, Object(Closure))
#23 /home/otgpanel2017/public_html/[WEBSITES]/efodia.com/user/api/vendor/laravel/framework/src/Illuminate/Container/Container.php(596): Illuminate\\Container\\BoundMethod::call(Object(Illuminate\\Foundation\\Application), Array, Array, NULL)
#24 /home/otgpanel2017/public_html/[WEBSITES]/efodia.com/user/api/vendor/laravel/framework/src/Illuminate/Console/Command.php(134): Illuminate\\Container\\Container->call(Array)
#25 /home/otgpanel2017/public_html/[WEBSITES]/efodia.com/user/api/vendor/symfony/console/Command/Command.php(299): Illuminate\\Console\\Command->execute(Object(Symfony\\Component\\Console\\Input\\ArgvInput), Object(Illuminate\\Console\\OutputStyle))
#26 /home/otgpanel2017/public_html/[WEBSITES]/efodia.com/user/api/vendor/laravel/framework/src/Illuminate/Console/Command.php(121): Symfony\\Component\\Console\\Command\\Command->run(Object(Symfony\\Component\\Console\\Input\\ArgvInput), Object(Illuminate\\Console\\OutputStyle))
#27 /home/otgpanel2017/public_html/[WEBSITES]/efodia.com/user/api/vendor/symfony/console/Application.php(978): Illuminate\\Console\\Command->run(Object(Symfony\\Component\\Console\\Input\\ArgvInput), Object(Symfony\\Component\\Console\\Output\\ConsoleOutput))
#28 /home/otgpanel2017/public_html/[WEBSITES]/efodia.com/user/api/vendor/symfony/console/Application.php(295): Symfony\\Component\\Console\\Application->doRunCommand(Object(Illuminate\\Database\\Console\\Migrations\\MigrateCommand), Object(Symfony\\Component\\Console\\Input\\ArgvInput), Object(Symfony\\Component\\Console\\Output\\ConsoleOutput))
#29 /home/otgpanel2017/public_html/[WEBSITES]/efodia.com/user/api/vendor/symfony/console/Application.php(167): Symfony\\Component\\Console\\Application->doRun(Object(Symfony\\Component\\Console\\Input\\ArgvInput), Object(Symfony\\Component\\Console\\Output\\ConsoleOutput))
#30 /home/otgpanel2017/public_html/[WEBSITES]/efodia.com/user/api/vendor/laravel/framework/src/Illuminate/Console/Application.php(93): Symfony\\Component\\Console\\Application->run(Object(Symfony\\Component\\Console\\Input\\ArgvInput), Object(Symfony\\Component\\Console\\Output\\ConsoleOutput))
#31 /home/otgpanel2017/public_html/[WEBSITES]/efodia.com/user/api/vendor/laravel/framework/src/Illuminate/Foundation/Console/Kernel.php(129): Illuminate\\Console\\Application->run(Object(Symfony\\Component\\Console\\Input\\ArgvInput), Object(Symfony\\Component\\Console\\Output\\ConsoleOutput))
#32 /home/otgpanel2017/public_html/[WEBSITES]/efodia.com/user/api/artisan(37): Illuminate\\Foundation\\Console\\Kernel->handle(Object(Symfony\\Component\\Console\\Input\\ArgvInput), Object(Symfony\\Component\\Console\\Output\\ConsoleOutput))
#33 {main}
"} 
[2021-08-30 13:48:26] local.ERROR: SQLSTATE[28000] [1045] Access denied for user 'root'@'localhost' (using password: NO) (SQL: select * from information_schema.tables where table_schema = efodia and table_name = migrations and table_type = 'BASE TABLE') {"exception":"[object] (Illuminate\\Database\\QueryException(code: 1045): SQLSTATE[28000] [1045] Access denied for user 'root'@'localhost' (using password: NO) (SQL: select * from information_schema.tables where table_schema = efodia and table_name = migrations and table_type = 'BASE TABLE') at /home/otgpanel2017/public_html/[WEBSITES]/efodia.com/user/api/vendor/laravel/framework/src/Illuminate/Database/Connection.php:671)
[stacktrace]
#0 /home/otgpanel2017/public_html/[WEBSITES]/efodia.com/user/api/vendor/laravel/framework/src/Illuminate/Database/Connection.php(631): Illuminate\\Database\\Connection->runQueryCallback('select * from i...', Array, Object(Closure))
#1 /home/otgpanel2017/public_html/[WEBSITES]/efodia.com/user/api/vendor/laravel/framework/src/Illuminate/Database/Connection.php(339): Illuminate\\Database\\Connection->run('select * from i...', Array, Object(Closure))
#2 /home/otgpanel2017/public_html/[WEBSITES]/efodia.com/user/api/vendor/laravel/framework/src/Illuminate/Database/Schema/MySqlBuilder.php(18): Illuminate\\Database\\Connection->select('select * from i...', Array)
#3 /home/otgpanel2017/public_html/[WEBSITES]/efodia.com/user/api/vendor/laravel/framework/src/Illuminate/Database/Migrations/DatabaseMigrationRepository.php(169): Illuminate\\Database\\Schema\\MySqlBuilder->hasTable('migrations')
#4 /home/otgpanel2017/public_html/[WEBSITES]/efodia.com/user/api/vendor/laravel/framework/src/Illuminate/Database/Migrations/Migrator.php(608): Illuminate\\Database\\Migrations\\DatabaseMigrationRepository->repositoryExists()
#5 /home/otgpanel2017/public_html/[WEBSITES]/efodia.com/user/api/vendor/laravel/framework/src/Illuminate/Database/Console/Migrations/MigrateCommand.php(93): Illuminate\\Database\\Migrations\\Migrator->repositoryExists()
#6 /home/otgpanel2017/public_html/[WEBSITES]/efodia.com/user/api/vendor/laravel/framework/src/Illuminate/Database/Console/Migrations/MigrateCommand.php(64): Illuminate\\Database\\Console\\Migrations\\MigrateCommand->prepareDatabase()
#7 /home/otgpanel2017/public_html/[WEBSITES]/efodia.com/user/api/vendor/laravel/framework/src/Illuminate/Database/Migrations/Migrator.php(541): Illuminate\\Database\\Console\\Migrations\\MigrateCommand->Illuminate\\Database\\Console\\Migrations\\{closure}()
#8 /home/otgpanel2017/public_html/[WEBSITES]/efodia.com/user/api/vendor/laravel/framework/src/Illuminate/Database/Console/Migrations/MigrateCommand.php(81): Illuminate\\Database\\Migrations\\Migrator->usingConnection(NULL, Object(Closure))
#9 /home/otgpanel2017/public_html/[WEBSITES]/efodia.com/user/api/vendor/laravel/framework/src/Illuminate/Container/BoundMethod.php(36): Illuminate\\Database\\Console\\Migrations\\MigrateCommand->handle()
#10 /home/otgpanel2017/public_html/[WEBSITES]/efodia.com/user/api/vendor/laravel/framework/src/Illuminate/Container/Util.php(37): Illuminate\\Container\\BoundMethod::Illuminate\\Container\\{closure}()
#11 /home/otgpanel2017/public_html/[WEBSITES]/efodia.com/user/api/vendor/laravel/framework/src/Illuminate/Container/BoundMethod.php(93): Illuminate\\Container\\Util::unwrapIfClosure(Object(Closure))
#12 /home/otgpanel2017/public_html/[WEBSITES]/efodia.com/user/api/vendor/laravel/framework/src/Illuminate/Container/BoundMethod.php(37): Illuminate\\Container\\BoundMethod::callBoundMethod(Object(Illuminate\\Foundation\\Application), Array, Object(Closure))
#13 /home/otgpanel2017/public_html/[WEBSITES]/efodia.com/user/api/vendor/laravel/framework/src/Illuminate/Container/Container.php(596): Illuminate\\Container\\BoundMethod::call(Object(Illuminate\\Foundation\\Application), Array, Array, NULL)
#14 /home/otgpanel2017/public_html/[WEBSITES]/efodia.com/user/api/vendor/laravel/framework/src/Illuminate/Console/Command.php(134): Illuminate\\Container\\Container->call(Array)
#15 /home/otgpanel2017/public_html/[WEBSITES]/efodia.com/user/api/vendor/symfony/console/Command/Command.php(299): Illuminate\\Console\\Command->execute(Object(Symfony\\Component\\Console\\Input\\ArgvInput), Object(Illuminate\\Console\\OutputStyle))
#16 /home/otgpanel2017/public_html/[WEBSITES]/efodia.com/user/api/vendor/laravel/framework/src/Illuminate/Console/Command.php(121): Symfony\\Component\\Console\\Command\\Command->run(Object(Symfony\\Component\\Console\\Input\\ArgvInput), Object(Illuminate\\Console\\OutputStyle))
#17 /home/otgpanel2017/public_html/[WEBSITES]/efodia.com/user/api/vendor/symfony/console/Application.php(978): Illuminate\\Console\\Command->run(Object(Symfony\\Component\\Console\\Input\\ArgvInput), Object(Symfony\\Component\\Console\\Output\\ConsoleOutput))
#18 /home/otgpanel2017/public_html/[WEBSITES]/efodia.com/user/api/vendor/symfony/console/Application.php(295): Symfony\\Component\\Console\\Application->doRunCommand(Object(Illuminate\\Database\\Console\\Migrations\\MigrateCommand), Object(Symfony\\Component\\Console\\Input\\ArgvInput), Object(Symfony\\Component\\Console\\Output\\ConsoleOutput))
#19 /home/otgpanel2017/public_html/[WEBSITES]/efodia.com/user/api/vendor/symfony/console/Application.php(167): Symfony\\Component\\Console\\Application->doRun(Object(Symfony\\Component\\Console\\Input\\ArgvInput), Object(Symfony\\Component\\Console\\Output\\ConsoleOutput))
#20 /home/otgpanel2017/public_html/[WEBSITES]/efodia.com/user/api/vendor/laravel/framework/src/Illuminate/Console/Application.php(93): Symfony\\Component\\Console\\Application->run(Object(Symfony\\Component\\Console\\Input\\ArgvInput), Object(Symfony\\Component\\Console\\Output\\ConsoleOutput))
#21 /home/otgpanel2017/public_html/[WEBSITES]/efodia.com/user/api/vendor/laravel/framework/src/Illuminate/Foundation/Console/Kernel.php(129): Illuminate\\Console\\Application->run(Object(Symfony\\Component\\Console\\Input\\ArgvInput), Object(Symfony\\Component\\Console\\Output\\ConsoleOutput))
#22 /home/otgpanel2017/public_html/[WEBSITES]/efodia.com/user/api/artisan(37): Illuminate\\Foundation\\Console\\Kernel->handle(Object(Symfony\\Component\\Console\\Input\\ArgvInput), Object(Symfony\\Component\\Console\\Output\\ConsoleOutput))
#23 {main}

[previous exception] [object] (PDOException(code: 1045): SQLSTATE[28000] [1045] Access denied for user 'root'@'localhost' (using password: NO) at /home/otgpanel2017/public_html/[WEBSITES]/efodia.com/user/api/vendor/laravel/framework/src/Illuminate/Database/Connectors/Connector.php:70)
[stacktrace]
#0 /home/otgpanel2017/public_html/[WEBSITES]/efodia.com/user/api/vendor/laravel/framework/src/Illuminate/Database/Connectors/Connector.php(70): PDO->__construct('mysql:host=127....', 'root', '', Array)
#1 /home/otgpanel2017/public_html/[WEBSITES]/efodia.com/user/api/vendor/laravel/framework/src/Illuminate/Database/Connectors/Connector.php(46): Illuminate\\Database\\Connectors\\Connector->createPdoConnection('mysql:host=127....', 'root', '', Array)
#2 /home/otgpanel2017/public_html/[WEBSITES]/efodia.com/user/api/vendor/laravel/framework/src/Illuminate/Database/Connectors/MySqlConnector.php(24): Illuminate\\Database\\Connectors\\Connector->createConnection('mysql:host=127....', Array, Array)
#3 /home/otgpanel2017/public_html/[WEBSITES]/efodia.com/user/api/vendor/laravel/framework/src/Illuminate/Database/Connectors/ConnectionFactory.php(184): Illuminate\\Database\\Connectors\\MySqlConnector->connect(Array)
#4 [internal function]: Illuminate\\Database\\Connectors\\ConnectionFactory->Illuminate\\Database\\Connectors\\{closure}()
#5 /home/otgpanel2017/public_html/[WEBSITES]/efodia.com/user/api/vendor/laravel/framework/src/Illuminate/Database/Connection.php(926): call_user_func(Object(Closure))
#6 /home/otgpanel2017/public_html/[WEBSITES]/efodia.com/user/api/vendor/laravel/framework/src/Illuminate/Database/Connection.php(961): Illuminate\\Database\\Connection->getPdo()
#7 /home/otgpanel2017/public_html/[WEBSITES]/efodia.com/user/api/vendor/laravel/framework/src/Illuminate/Database/Connection.php(405): Illuminate\\Database\\Connection->getReadPdo()
#8 /home/otgpanel2017/public_html/[WEBSITES]/efodia.com/user/api/vendor/laravel/framework/src/Illuminate/Database/Connection.php(331): Illuminate\\Database\\Connection->getPdoForSelect(true)
#9 /home/otgpanel2017/public_html/[WEBSITES]/efodia.com/user/api/vendor/laravel/framework/src/Illuminate/Database/Connection.php(664): Illuminate\\Database\\Connection->Illuminate\\Database\\{closure}('select * from i...', Array)
#10 /home/otgpanel2017/public_html/[WEBSITES]/efodia.com/user/api/vendor/laravel/framework/src/Illuminate/Database/Connection.php(631): Illuminate\\Database\\Connection->runQueryCallback('select * from i...', Array, Object(Closure))
#11 /home/otgpanel2017/public_html/[WEBSITES]/efodia.com/user/api/vendor/laravel/framework/src/Illuminate/Database/Connection.php(339): Illuminate\\Database\\Connection->run('select * from i...', Array, Object(Closure))
#12 /home/otgpanel2017/public_html/[WEBSITES]/efodia.com/user/api/vendor/laravel/framework/src/Illuminate/Database/Schema/MySqlBuilder.php(18): Illuminate\\Database\\Connection->select('select * from i...', Array)
#13 /home/otgpanel2017/public_html/[WEBSITES]/efodia.com/user/api/vendor/laravel/framework/src/Illuminate/Database/Migrations/DatabaseMigrationRepository.php(169): Illuminate\\Database\\Schema\\MySqlBuilder->hasTable('migrations')
#14 /home/otgpanel2017/public_html/[WEBSITES]/efodia.com/user/api/vendor/laravel/framework/src/Illuminate/Database/Migrations/Migrator.php(608): Illuminate\\Database\\Migrations\\DatabaseMigrationRepository->repositoryExists()
#15 /home/otgpanel2017/public_html/[WEBSITES]/efodia.com/user/api/vendor/laravel/framework/src/Illuminate/Database/Console/Migrations/MigrateCommand.php(93): Illuminate\\Database\\Migrations\\Migrator->repositoryExists()
#16 /home/otgpanel2017/public_html/[WEBSITES]/efodia.com/user/api/vendor/laravel/framework/src/Illuminate/Database/Console/Migrations/MigrateCommand.php(64): Illuminate\\Database\\Console\\Migrations\\MigrateCommand->prepareDatabase()
#17 /home/otgpanel2017/public_html/[WEBSITES]/efodia.com/user/api/vendor/laravel/framework/src/Illuminate/Database/Migrations/Migrator.php(541): Illuminate\\Database\\Console\\Migrations\\MigrateCommand->Illuminate\\Database\\Console\\Migrations\\{closure}()
#18 /home/otgpanel2017/public_html/[WEBSITES]/efodia.com/user/api/vendor/laravel/framework/src/Illuminate/Database/Console/Migrations/MigrateCommand.php(81): Illuminate\\Database\\Migrations\\Migrator->usingConnection(NULL, Object(Closure))
#19 /home/otgpanel2017/public_html/[WEBSITES]/efodia.com/user/api/vendor/laravel/framework/src/Illuminate/Container/BoundMethod.php(36): Illuminate\\Database\\Console\\Migrations\\MigrateCommand->handle()
#20 /home/otgpanel2017/public_html/[WEBSITES]/efodia.com/user/api/vendor/laravel/framework/src/Illuminate/Container/Util.php(37): Illuminate\\Container\\BoundMethod::Illuminate\\Container\\{closure}()
#21 /home/otgpanel2017/public_html/[WEBSITES]/efodia.com/user/api/vendor/laravel/framework/src/Illuminate/Container/BoundMethod.php(93): Illuminate\\Container\\Util::unwrapIfClosure(Object(Closure))
#22 /home/otgpanel2017/public_html/[WEBSITES]/efodia.com/user/api/vendor/laravel/framework/src/Illuminate/Container/BoundMethod.php(37): Illuminate\\Container\\BoundMethod::callBoundMethod(Object(Illuminate\\Foundation\\Application), Array, Object(Closure))
#23 /home/otgpanel2017/public_html/[WEBSITES]/efodia.com/user/api/vendor/laravel/framework/src/Illuminate/Container/Container.php(596): Illuminate\\Container\\BoundMethod::call(Object(Illuminate\\Foundation\\Application), Array, Array, NULL)
#24 /home/otgpanel2017/public_html/[WEBSITES]/efodia.com/user/api/vendor/laravel/framework/src/Illuminate/Console/Command.php(134): Illuminate\\Container\\Container->call(Array)
#25 /home/otgpanel2017/public_html/[WEBSITES]/efodia.com/user/api/vendor/symfony/console/Command/Command.php(299): Illuminate\\Console\\Command->execute(Object(Symfony\\Component\\Console\\Input\\ArgvInput), Object(Illuminate\\Console\\OutputStyle))
#26 /home/otgpanel2017/public_html/[WEBSITES]/efodia.com/user/api/vendor/laravel/framework/src/Illuminate/Console/Command.php(121): Symfony\\Component\\Console\\Command\\Command->run(Object(Symfony\\Component\\Console\\Input\\ArgvInput), Object(Illuminate\\Console\\OutputStyle))
#27 /home/otgpanel2017/public_html/[WEBSITES]/efodia.com/user/api/vendor/symfony/console/Application.php(978): Illuminate\\Console\\Command->run(Object(Symfony\\Component\\Console\\Input\\ArgvInput), Object(Symfony\\Component\\Console\\Output\\ConsoleOutput))
#28 /home/otgpanel2017/public_html/[WEBSITES]/efodia.com/user/api/vendor/symfony/console/Application.php(295): Symfony\\Component\\Console\\Application->doRunCommand(Object(Illuminate\\Database\\Console\\Migrations\\MigrateCommand), Object(Symfony\\Component\\Console\\Input\\ArgvInput), Object(Symfony\\Component\\Console\\Output\\ConsoleOutput))
#29 /home/otgpanel2017/public_html/[WEBSITES]/efodia.com/user/api/vendor/symfony/console/Application.php(167): Symfony\\Component\\Console\\Application->doRun(Object(Symfony\\Component\\Console\\Input\\ArgvInput), Object(Symfony\\Component\\Console\\Output\\ConsoleOutput))
#30 /home/otgpanel2017/public_html/[WEBSITES]/efodia.com/user/api/vendor/laravel/framework/src/Illuminate/Console/Application.php(93): Symfony\\Component\\Console\\Application->run(Object(Symfony\\Component\\Console\\Input\\ArgvInput), Object(Symfony\\Component\\Console\\Output\\ConsoleOutput))
#31 /home/otgpanel2017/public_html/[WEBSITES]/efodia.com/user/api/vendor/laravel/framework/src/Illuminate/Foundation/Console/Kernel.php(129): Illuminate\\Console\\Application->run(Object(Symfony\\Component\\Console\\Input\\ArgvInput), Object(Symfony\\Component\\Console\\Output\\ConsoleOutput))
#32 /home/otgpanel2017/public_html/[WEBSITES]/efodia.com/user/api/artisan(37): Illuminate\\Foundation\\Console\\Kernel->handle(Object(Symfony\\Component\\Console\\Input\\ArgvInput), Object(Symfony\\Component\\Console\\Output\\ConsoleOutput))
#33 {main}
"} 
[2021-08-30 13:48:51] local.ERROR: SQLSTATE[28000] [1045] Access denied for user 'root'@'localhost' (using password: NO) (SQL: select * from information_schema.tables where table_schema = efodia and table_name = migrations and table_type = 'BASE TABLE') {"exception":"[object] (Illuminate\\Database\\QueryException(code: 1045): SQLSTATE[28000] [1045] Access denied for user 'root'@'localhost' (using password: NO) (SQL: select * from information_schema.tables where table_schema = efodia and table_name = migrations and table_type = 'BASE TABLE') at /home/otgpanel2017/public_html/[WEBSITES]/efodia.com/user/api/vendor/laravel/framework/src/Illuminate/Database/Connection.php:671)
[stacktrace]
#0 /home/otgpanel2017/public_html/[WEBSITES]/efodia.com/user/api/vendor/laravel/framework/src/Illuminate/Database/Connection.php(631): Illuminate\\Database\\Connection->runQueryCallback('select * from i...', Array, Object(Closure))
#1 /home/otgpanel2017/public_html/[WEBSITES]/efodia.com/user/api/vendor/laravel/framework/src/Illuminate/Database/Connection.php(339): Illuminate\\Database\\Connection->run('select * from i...', Array, Object(Closure))
#2 /home/otgpanel2017/public_html/[WEBSITES]/efodia.com/user/api/vendor/laravel/framework/src/Illuminate/Database/Schema/MySqlBuilder.php(18): Illuminate\\Database\\Connection->select('select * from i...', Array)
#3 /home/otgpanel2017/public_html/[WEBSITES]/efodia.com/user/api/vendor/laravel/framework/src/Illuminate/Database/Migrations/DatabaseMigrationRepository.php(169): Illuminate\\Database\\Schema\\MySqlBuilder->hasTable('migrations')
#4 /home/otgpanel2017/public_html/[WEBSITES]/efodia.com/user/api/vendor/laravel/framework/src/Illuminate/Database/Migrations/Migrator.php(608): Illuminate\\Database\\Migrations\\DatabaseMigrationRepository->repositoryExists()
#5 /home/otgpanel2017/public_html/[WEBSITES]/efodia.com/user/api/vendor/laravel/framework/src/Illuminate/Database/Console/Migrations/MigrateCommand.php(93): Illuminate\\Database\\Migrations\\Migrator->repositoryExists()
#6 /home/otgpanel2017/public_html/[WEBSITES]/efodia.com/user/api/vendor/laravel/framework/src/Illuminate/Database/Console/Migrations/MigrateCommand.php(64): Illuminate\\Database\\Console\\Migrations\\MigrateCommand->prepareDatabase()
#7 /home/otgpanel2017/public_html/[WEBSITES]/efodia.com/user/api/vendor/laravel/framework/src/Illuminate/Database/Migrations/Migrator.php(541): Illuminate\\Database\\Console\\Migrations\\MigrateCommand->Illuminate\\Database\\Console\\Migrations\\{closure}()
#8 /home/otgpanel2017/public_html/[WEBSITES]/efodia.com/user/api/vendor/laravel/framework/src/Illuminate/Database/Console/Migrations/MigrateCommand.php(81): Illuminate\\Database\\Migrations\\Migrator->usingConnection(NULL, Object(Closure))
#9 /home/otgpanel2017/public_html/[WEBSITES]/efodia.com/user/api/vendor/laravel/framework/src/Illuminate/Container/BoundMethod.php(36): Illuminate\\Database\\Console\\Migrations\\MigrateCommand->handle()
#10 /home/otgpanel2017/public_html/[WEBSITES]/efodia.com/user/api/vendor/laravel/framework/src/Illuminate/Container/Util.php(37): Illuminate\\Container\\BoundMethod::Illuminate\\Container\\{closure}()
#11 /home/otgpanel2017/public_html/[WEBSITES]/efodia.com/user/api/vendor/laravel/framework/src/Illuminate/Container/BoundMethod.php(93): Illuminate\\Container\\Util::unwrapIfClosure(Object(Closure))
#12 /home/otgpanel2017/public_html/[WEBSITES]/efodia.com/user/api/vendor/laravel/framework/src/Illuminate/Container/BoundMethod.php(37): Illuminate\\Container\\BoundMethod::callBoundMethod(Object(Illuminate\\Foundation\\Application), Array, Object(Closure))
#13 /home/otgpanel2017/public_html/[WEBSITES]/efodia.com/user/api/vendor/laravel/framework/src/Illuminate/Container/Container.php(596): Illuminate\\Container\\BoundMethod::call(Object(Illuminate\\Foundation\\Application), Array, Array, NULL)
#14 /home/otgpanel2017/public_html/[WEBSITES]/efodia.com/user/api/vendor/laravel/framework/src/Illuminate/Console/Command.php(134): Illuminate\\Container\\Container->call(Array)
#15 /home/otgpanel2017/public_html/[WEBSITES]/efodia.com/user/api/vendor/symfony/console/Command/Command.php(299): Illuminate\\Console\\Command->execute(Object(Symfony\\Component\\Console\\Input\\ArgvInput), Object(Illuminate\\Console\\OutputStyle))
#16 /home/otgpanel2017/public_html/[WEBSITES]/efodia.com/user/api/vendor/laravel/framework/src/Illuminate/Console/Command.php(121): Symfony\\Component\\Console\\Command\\Command->run(Object(Symfony\\Component\\Console\\Input\\ArgvInput), Object(Illuminate\\Console\\OutputStyle))
#17 /home/otgpanel2017/public_html/[WEBSITES]/efodia.com/user/api/vendor/symfony/console/Application.php(978): Illuminate\\Console\\Command->run(Object(Symfony\\Component\\Console\\Input\\ArgvInput), Object(Symfony\\Component\\Console\\Output\\ConsoleOutput))
#18 /home/otgpanel2017/public_html/[WEBSITES]/efodia.com/user/api/vendor/symfony/console/Application.php(295): Symfony\\Component\\Console\\Application->doRunCommand(Object(Illuminate\\Database\\Console\\Migrations\\MigrateCommand), Object(Symfony\\Component\\Console\\Input\\ArgvInput), Object(Symfony\\Component\\Console\\Output\\ConsoleOutput))
#19 /home/otgpanel2017/public_html/[WEBSITES]/efodia.com/user/api/vendor/symfony/console/Application.php(167): Symfony\\Component\\Console\\Application->doRun(Object(Symfony\\Component\\Console\\Input\\ArgvInput), Object(Symfony\\Component\\Console\\Output\\ConsoleOutput))
#20 /home/otgpanel2017/public_html/[WEBSITES]/efodia.com/user/api/vendor/laravel/framework/src/Illuminate/Console/Application.php(93): Symfony\\Component\\Console\\Application->run(Object(Symfony\\Component\\Console\\Input\\ArgvInput), Object(Symfony\\Component\\Console\\Output\\ConsoleOutput))
#21 /home/otgpanel2017/public_html/[WEBSITES]/efodia.com/user/api/vendor/laravel/framework/src/Illuminate/Foundation/Console/Kernel.php(129): Illuminate\\Console\\Application->run(Object(Symfony\\Component\\Console\\Input\\ArgvInput), Object(Symfony\\Component\\Console\\Output\\ConsoleOutput))
#22 /home/otgpanel2017/public_html/[WEBSITES]/efodia.com/user/api/artisan(37): Illuminate\\Foundation\\Console\\Kernel->handle(Object(Symfony\\Component\\Console\\Input\\ArgvInput), Object(Symfony\\Component\\Console\\Output\\ConsoleOutput))
#23 {main}

[previous exception] [object] (PDOException(code: 1045): SQLSTATE[28000] [1045] Access denied for user 'root'@'localhost' (using password: NO) at /home/otgpanel2017/public_html/[WEBSITES]/efodia.com/user/api/vendor/laravel/framework/src/Illuminate/Database/Connectors/Connector.php:70)
[stacktrace]
#0 /home/otgpanel2017/public_html/[WEBSITES]/efodia.com/user/api/vendor/laravel/framework/src/Illuminate/Database/Connectors/Connector.php(70): PDO->__construct('mysql:host=127....', 'root', '', Array)
#1 /home/otgpanel2017/public_html/[WEBSITES]/efodia.com/user/api/vendor/laravel/framework/src/Illuminate/Database/Connectors/Connector.php(46): Illuminate\\Database\\Connectors\\Connector->createPdoConnection('mysql:host=127....', 'root', '', Array)
#2 /home/otgpanel2017/public_html/[WEBSITES]/efodia.com/user/api/vendor/laravel/framework/src/Illuminate/Database/Connectors/MySqlConnector.php(24): Illuminate\\Database\\Connectors\\Connector->createConnection('mysql:host=127....', Array, Array)
#3 /home/otgpanel2017/public_html/[WEBSITES]/efodia.com/user/api/vendor/laravel/framework/src/Illuminate/Database/Connectors/ConnectionFactory.php(184): Illuminate\\Database\\Connectors\\MySqlConnector->connect(Array)
#4 [internal function]: Illuminate\\Database\\Connectors\\ConnectionFactory->Illuminate\\Database\\Connectors\\{closure}()
#5 /home/otgpanel2017/public_html/[WEBSITES]/efodia.com/user/api/vendor/laravel/framework/src/Illuminate/Database/Connection.php(926): call_user_func(Object(Closure))
#6 /home/otgpanel2017/public_html/[WEBSITES]/efodia.com/user/api/vendor/laravel/framework/src/Illuminate/Database/Connection.php(961): Illuminate\\Database\\Connection->getPdo()
#7 /home/otgpanel2017/public_html/[WEBSITES]/efodia.com/user/api/vendor/laravel/framework/src/Illuminate/Database/Connection.php(405): Illuminate\\Database\\Connection->getReadPdo()
#8 /home/otgpanel2017/public_html/[WEBSITES]/efodia.com/user/api/vendor/laravel/framework/src/Illuminate/Database/Connection.php(331): Illuminate\\Database\\Connection->getPdoForSelect(true)
#9 /home/otgpanel2017/public_html/[WEBSITES]/efodia.com/user/api/vendor/laravel/framework/src/Illuminate/Database/Connection.php(664): Illuminate\\Database\\Connection->Illuminate\\Database\\{closure}('select * from i...', Array)
#10 /home/otgpanel2017/public_html/[WEBSITES]/efodia.com/user/api/vendor/laravel/framework/src/Illuminate/Database/Connection.php(631): Illuminate\\Database\\Connection->runQueryCallback('select * from i...', Array, Object(Closure))
#11 /home/otgpanel2017/public_html/[WEBSITES]/efodia.com/user/api/vendor/laravel/framework/src/Illuminate/Database/Connection.php(339): Illuminate\\Database\\Connection->run('select * from i...', Array, Object(Closure))
#12 /home/otgpanel2017/public_html/[WEBSITES]/efodia.com/user/api/vendor/laravel/framework/src/Illuminate/Database/Schema/MySqlBuilder.php(18): Illuminate\\Database\\Connection->select('select * from i...', Array)
#13 /home/otgpanel2017/public_html/[WEBSITES]/efodia.com/user/api/vendor/laravel/framework/src/Illuminate/Database/Migrations/DatabaseMigrationRepository.php(169): Illuminate\\Database\\Schema\\MySqlBuilder->hasTable('migrations')
#14 /home/otgpanel2017/public_html/[WEBSITES]/efodia.com/user/api/vendor/laravel/framework/src/Illuminate/Database/Migrations/Migrator.php(608): Illuminate\\Database\\Migrations\\DatabaseMigrationRepository->repositoryExists()
#15 /home/otgpanel2017/public_html/[WEBSITES]/efodia.com/user/api/vendor/laravel/framework/src/Illuminate/Database/Console/Migrations/MigrateCommand.php(93): Illuminate\\Database\\Migrations\\Migrator->repositoryExists()
#16 /home/otgpanel2017/public_html/[WEBSITES]/efodia.com/user/api/vendor/laravel/framework/src/Illuminate/Database/Console/Migrations/MigrateCommand.php(64): Illuminate\\Database\\Console\\Migrations\\MigrateCommand->prepareDatabase()
#17 /home/otgpanel2017/public_html/[WEBSITES]/efodia.com/user/api/vendor/laravel/framework/src/Illuminate/Database/Migrations/Migrator.php(541): Illuminate\\Database\\Console\\Migrations\\MigrateCommand->Illuminate\\Database\\Console\\Migrations\\{closure}()
#18 /home/otgpanel2017/public_html/[WEBSITES]/efodia.com/user/api/vendor/laravel/framework/src/Illuminate/Database/Console/Migrations/MigrateCommand.php(81): Illuminate\\Database\\Migrations\\Migrator->usingConnection(NULL, Object(Closure))
#19 /home/otgpanel2017/public_html/[WEBSITES]/efodia.com/user/api/vendor/laravel/framework/src/Illuminate/Container/BoundMethod.php(36): Illuminate\\Database\\Console\\Migrations\\MigrateCommand->handle()
#20 /home/otgpanel2017/public_html/[WEBSITES]/efodia.com/user/api/vendor/laravel/framework/src/Illuminate/Container/Util.php(37): Illuminate\\Container\\BoundMethod::Illuminate\\Container\\{closure}()
#21 /home/otgpanel2017/public_html/[WEBSITES]/efodia.com/user/api/vendor/laravel/framework/src/Illuminate/Container/BoundMethod.php(93): Illuminate\\Container\\Util::unwrapIfClosure(Object(Closure))
#22 /home/otgpanel2017/public_html/[WEBSITES]/efodia.com/user/api/vendor/laravel/framework/src/Illuminate/Container/BoundMethod.php(37): Illuminate\\Container\\BoundMethod::callBoundMethod(Object(Illuminate\\Foundation\\Application), Array, Object(Closure))
#23 /home/otgpanel2017/public_html/[WEBSITES]/efodia.com/user/api/vendor/laravel/framework/src/Illuminate/Container/Container.php(596): Illuminate\\Container\\BoundMethod::call(Object(Illuminate\\Foundation\\Application), Array, Array, NULL)
#24 /home/otgpanel2017/public_html/[WEBSITES]/efodia.com/user/api/vendor/laravel/framework/src/Illuminate/Console/Command.php(134): Illuminate\\Container\\Container->call(Array)
#25 /home/otgpanel2017/public_html/[WEBSITES]/efodia.com/user/api/vendor/symfony/console/Command/Command.php(299): Illuminate\\Console\\Command->execute(Object(Symfony\\Component\\Console\\Input\\ArgvInput), Object(Illuminate\\Console\\OutputStyle))
#26 /home/otgpanel2017/public_html/[WEBSITES]/efodia.com/user/api/vendor/laravel/framework/src/Illuminate/Console/Command.php(121): Symfony\\Component\\Console\\Command\\Command->run(Object(Symfony\\Component\\Console\\Input\\ArgvInput), Object(Illuminate\\Console\\OutputStyle))
#27 /home/otgpanel2017/public_html/[WEBSITES]/efodia.com/user/api/vendor/symfony/console/Application.php(978): Illuminate\\Console\\Command->run(Object(Symfony\\Component\\Console\\Input\\ArgvInput), Object(Symfony\\Component\\Console\\Output\\ConsoleOutput))
#28 /home/otgpanel2017/public_html/[WEBSITES]/efodia.com/user/api/vendor/symfony/console/Application.php(295): Symfony\\Component\\Console\\Application->doRunCommand(Object(Illuminate\\Database\\Console\\Migrations\\MigrateCommand), Object(Symfony\\Component\\Console\\Input\\ArgvInput), Object(Symfony\\Component\\Console\\Output\\ConsoleOutput))
#29 /home/otgpanel2017/public_html/[WEBSITES]/efodia.com/user/api/vendor/symfony/console/Application.php(167): Symfony\\Component\\Console\\Application->doRun(Object(Symfony\\Component\\Console\\Input\\ArgvInput), Object(Symfony\\Component\\Console\\Output\\ConsoleOutput))
#30 /home/otgpanel2017/public_html/[WEBSITES]/efodia.com/user/api/vendor/laravel/framework/src/Illuminate/Console/Application.php(93): Symfony\\Component\\Console\\Application->run(Object(Symfony\\Component\\Console\\Input\\ArgvInput), Object(Symfony\\Component\\Console\\Output\\ConsoleOutput))
#31 /home/otgpanel2017/public_html/[WEBSITES]/efodia.com/user/api/vendor/laravel/framework/src/Illuminate/Foundation/Console/Kernel.php(129): Illuminate\\Console\\Application->run(Object(Symfony\\Component\\Console\\Input\\ArgvInput), Object(Symfony\\Component\\Console\\Output\\ConsoleOutput))
#32 /home/otgpanel2017/public_html/[WEBSITES]/efodia.com/user/api/artisan(37): Illuminate\\Foundation\\Console\\Kernel->handle(Object(Symfony\\Component\\Console\\Input\\ArgvInput), Object(Symfony\\Component\\Console\\Output\\ConsoleOutput))
#33 {main}
"} 
[2021-08-30 13:51:03] local.ERROR: SQLSTATE[28000] [1045] Access denied for user 'root'@'localhost' (using password: NO) (SQL: select * from information_schema.tables where table_schema = efodia and table_name = migrations and table_type = 'BASE TABLE') {"exception":"[object] (Illuminate\\Database\\QueryException(code: 1045): SQLSTATE[28000] [1045] Access denied for user 'root'@'localhost' (using password: NO) (SQL: select * from information_schema.tables where table_schema = efodia and table_name = migrations and table_type = 'BASE TABLE') at /home/otgpanel2017/public_html/[WEBSITES]/efodia.com/user/api/vendor/laravel/framework/src/Illuminate/Database/Connection.php:671)
[stacktrace]
#0 /home/otgpanel2017/public_html/[WEBSITES]/efodia.com/user/api/vendor/laravel/framework/src/Illuminate/Database/Connection.php(631): Illuminate\\Database\\Connection->runQueryCallback('select * from i...', Array, Object(Closure))
#1 /home/otgpanel2017/public_html/[WEBSITES]/efodia.com/user/api/vendor/laravel/framework/src/Illuminate/Database/Connection.php(339): Illuminate\\Database\\Connection->run('select * from i...', Array, Object(Closure))
#2 /home/otgpanel2017/public_html/[WEBSITES]/efodia.com/user/api/vendor/laravel/framework/src/Illuminate/Database/Schema/MySqlBuilder.php(18): Illuminate\\Database\\Connection->select('select * from i...', Array)
#3 /home/otgpanel2017/public_html/[WEBSITES]/efodia.com/user/api/vendor/laravel/framework/src/Illuminate/Database/Migrations/DatabaseMigrationRepository.php(169): Illuminate\\Database\\Schema\\MySqlBuilder->hasTable('migrations')
#4 /home/otgpanel2017/public_html/[WEBSITES]/efodia.com/user/api/vendor/laravel/framework/src/Illuminate/Database/Migrations/Migrator.php(608): Illuminate\\Database\\Migrations\\DatabaseMigrationRepository->repositoryExists()
#5 /home/otgpanel2017/public_html/[WEBSITES]/efodia.com/user/api/vendor/laravel/framework/src/Illuminate/Database/Console/Migrations/MigrateCommand.php(93): Illuminate\\Database\\Migrations\\Migrator->repositoryExists()
#6 /home/otgpanel2017/public_html/[WEBSITES]/efodia.com/user/api/vendor/laravel/framework/src/Illuminate/Database/Console/Migrations/MigrateCommand.php(64): Illuminate\\Database\\Console\\Migrations\\MigrateCommand->prepareDatabase()
#7 /home/otgpanel2017/public_html/[WEBSITES]/efodia.com/user/api/vendor/laravel/framework/src/Illuminate/Database/Migrations/Migrator.php(541): Illuminate\\Database\\Console\\Migrations\\MigrateCommand->Illuminate\\Database\\Console\\Migrations\\{closure}()
#8 /home/otgpanel2017/public_html/[WEBSITES]/efodia.com/user/api/vendor/laravel/framework/src/Illuminate/Database/Console/Migrations/MigrateCommand.php(81): Illuminate\\Database\\Migrations\\Migrator->usingConnection(NULL, Object(Closure))
#9 /home/otgpanel2017/public_html/[WEBSITES]/efodia.com/user/api/vendor/laravel/framework/src/Illuminate/Container/BoundMethod.php(36): Illuminate\\Database\\Console\\Migrations\\MigrateCommand->handle()
#10 /home/otgpanel2017/public_html/[WEBSITES]/efodia.com/user/api/vendor/laravel/framework/src/Illuminate/Container/Util.php(37): Illuminate\\Container\\BoundMethod::Illuminate\\Container\\{closure}()
#11 /home/otgpanel2017/public_html/[WEBSITES]/efodia.com/user/api/vendor/laravel/framework/src/Illuminate/Container/BoundMethod.php(93): Illuminate\\Container\\Util::unwrapIfClosure(Object(Closure))
#12 /home/otgpanel2017/public_html/[WEBSITES]/efodia.com/user/api/vendor/laravel/framework/src/Illuminate/Container/BoundMethod.php(37): Illuminate\\Container\\BoundMethod::callBoundMethod(Object(Illuminate\\Foundation\\Application), Array, Object(Closure))
#13 /home/otgpanel2017/public_html/[WEBSITES]/efodia.com/user/api/vendor/laravel/framework/src/Illuminate/Container/Container.php(596): Illuminate\\Container\\BoundMethod::call(Object(Illuminate\\Foundation\\Application), Array, Array, NULL)
#14 /home/otgpanel2017/public_html/[WEBSITES]/efodia.com/user/api/vendor/laravel/framework/src/Illuminate/Console/Command.php(134): Illuminate\\Container\\Container->call(Array)
#15 /home/otgpanel2017/public_html/[WEBSITES]/efodia.com/user/api/vendor/symfony/console/Command/Command.php(299): Illuminate\\Console\\Command->execute(Object(Symfony\\Component\\Console\\Input\\ArgvInput), Object(Illuminate\\Console\\OutputStyle))
#16 /home/otgpanel2017/public_html/[WEBSITES]/efodia.com/user/api/vendor/laravel/framework/src/Illuminate/Console/Command.php(121): Symfony\\Component\\Console\\Command\\Command->run(Object(Symfony\\Component\\Console\\Input\\ArgvInput), Object(Illuminate\\Console\\OutputStyle))
#17 /home/otgpanel2017/public_html/[WEBSITES]/efodia.com/user/api/vendor/symfony/console/Application.php(978): Illuminate\\Console\\Command->run(Object(Symfony\\Component\\Console\\Input\\ArgvInput), Object(Symfony\\Component\\Console\\Output\\ConsoleOutput))
#18 /home/otgpanel2017/public_html/[WEBSITES]/efodia.com/user/api/vendor/symfony/console/Application.php(295): Symfony\\Component\\Console\\Application->doRunCommand(Object(Illuminate\\Database\\Console\\Migrations\\MigrateCommand), Object(Symfony\\Component\\Console\\Input\\ArgvInput), Object(Symfony\\Component\\Console\\Output\\ConsoleOutput))
#19 /home/otgpanel2017/public_html/[WEBSITES]/efodia.com/user/api/vendor/symfony/console/Application.php(167): Symfony\\Component\\Console\\Application->doRun(Object(Symfony\\Component\\Console\\Input\\ArgvInput), Object(Symfony\\Component\\Console\\Output\\ConsoleOutput))
#20 /home/otgpanel2017/public_html/[WEBSITES]/efodia.com/user/api/vendor/laravel/framework/src/Illuminate/Console/Application.php(93): Symfony\\Component\\Console\\Application->run(Object(Symfony\\Component\\Console\\Input\\ArgvInput), Object(Symfony\\Component\\Console\\Output\\ConsoleOutput))
#21 /home/otgpanel2017/public_html/[WEBSITES]/efodia.com/user/api/vendor/laravel/framework/src/Illuminate/Foundation/Console/Kernel.php(129): Illuminate\\Console\\Application->run(Object(Symfony\\Component\\Console\\Input\\ArgvInput), Object(Symfony\\Component\\Console\\Output\\ConsoleOutput))
#22 /home/otgpanel2017/public_html/[WEBSITES]/efodia.com/user/api/artisan(37): Illuminate\\Foundation\\Console\\Kernel->handle(Object(Symfony\\Component\\Console\\Input\\ArgvInput), Object(Symfony\\Component\\Console\\Output\\ConsoleOutput))
#23 {main}

[previous exception] [object] (PDOException(code: 1045): SQLSTATE[28000] [1045] Access denied for user 'root'@'localhost' (using password: NO) at /home/otgpanel2017/public_html/[WEBSITES]/efodia.com/user/api/vendor/laravel/framework/src/Illuminate/Database/Connectors/Connector.php:70)
[stacktrace]
#0 /home/otgpanel2017/public_html/[WEBSITES]/efodia.com/user/api/vendor/laravel/framework/src/Illuminate/Database/Connectors/Connector.php(70): PDO->__construct('mysql:host=127....', 'root', '', Array)
#1 /home/otgpanel2017/public_html/[WEBSITES]/efodia.com/user/api/vendor/laravel/framework/src/Illuminate/Database/Connectors/Connector.php(46): Illuminate\\Database\\Connectors\\Connector->createPdoConnection('mysql:host=127....', 'root', '', Array)
#2 /home/otgpanel2017/public_html/[WEBSITES]/efodia.com/user/api/vendor/laravel/framework/src/Illuminate/Database/Connectors/MySqlConnector.php(24): Illuminate\\Database\\Connectors\\Connector->createConnection('mysql:host=127....', Array, Array)
#3 /home/otgpanel2017/public_html/[WEBSITES]/efodia.com/user/api/vendor/laravel/framework/src/Illuminate/Database/Connectors/ConnectionFactory.php(184): Illuminate\\Database\\Connectors\\MySqlConnector->connect(Array)
#4 [internal function]: Illuminate\\Database\\Connectors\\ConnectionFactory->Illuminate\\Database\\Connectors\\{closure}()
#5 /home/otgpanel2017/public_html/[WEBSITES]/efodia.com/user/api/vendor/laravel/framework/src/Illuminate/Database/Connection.php(926): call_user_func(Object(Closure))
#6 /home/otgpanel2017/public_html/[WEBSITES]/efodia.com/user/api/vendor/laravel/framework/src/Illuminate/Database/Connection.php(961): Illuminate\\Database\\Connection->getPdo()
#7 /home/otgpanel2017/public_html/[WEBSITES]/efodia.com/user/api/vendor/laravel/framework/src/Illuminate/Database/Connection.php(405): Illuminate\\Database\\Connection->getReadPdo()
#8 /home/otgpanel2017/public_html/[WEBSITES]/efodia.com/user/api/vendor/laravel/framework/src/Illuminate/Database/Connection.php(331): Illuminate\\Database\\Connection->getPdoForSelect(true)
#9 /home/otgpanel2017/public_html/[WEBSITES]/efodia.com/user/api/vendor/laravel/framework/src/Illuminate/Database/Connection.php(664): Illuminate\\Database\\Connection->Illuminate\\Database\\{closure}('select * from i...', Array)
#10 /home/otgpanel2017/public_html/[WEBSITES]/efodia.com/user/api/vendor/laravel/framework/src/Illuminate/Database/Connection.php(631): Illuminate\\Database\\Connection->runQueryCallback('select * from i...', Array, Object(Closure))
#11 /home/otgpanel2017/public_html/[WEBSITES]/efodia.com/user/api/vendor/laravel/framework/src/Illuminate/Database/Connection.php(339): Illuminate\\Database\\Connection->run('select * from i...', Array, Object(Closure))
#12 /home/otgpanel2017/public_html/[WEBSITES]/efodia.com/user/api/vendor/laravel/framework/src/Illuminate/Database/Schema/MySqlBuilder.php(18): Illuminate\\Database\\Connection->select('select * from i...', Array)
#13 /home/otgpanel2017/public_html/[WEBSITES]/efodia.com/user/api/vendor/laravel/framework/src/Illuminate/Database/Migrations/DatabaseMigrationRepository.php(169): Illuminate\\Database\\Schema\\MySqlBuilder->hasTable('migrations')
#14 /home/otgpanel2017/public_html/[WEBSITES]/efodia.com/user/api/vendor/laravel/framework/src/Illuminate/Database/Migrations/Migrator.php(608): Illuminate\\Database\\Migrations\\DatabaseMigrationRepository->repositoryExists()
#15 /home/otgpanel2017/public_html/[WEBSITES]/efodia.com/user/api/vendor/laravel/framework/src/Illuminate/Database/Console/Migrations/MigrateCommand.php(93): Illuminate\\Database\\Migrations\\Migrator->repositoryExists()
#16 /home/otgpanel2017/public_html/[WEBSITES]/efodia.com/user/api/vendor/laravel/framework/src/Illuminate/Database/Console/Migrations/MigrateCommand.php(64): Illuminate\\Database\\Console\\Migrations\\MigrateCommand->prepareDatabase()
#17 /home/otgpanel2017/public_html/[WEBSITES]/efodia.com/user/api/vendor/laravel/framework/src/Illuminate/Database/Migrations/Migrator.php(541): Illuminate\\Database\\Console\\Migrations\\MigrateCommand->Illuminate\\Database\\Console\\Migrations\\{closure}()
#18 /home/otgpanel2017/public_html/[WEBSITES]/efodia.com/user/api/vendor/laravel/framework/src/Illuminate/Database/Console/Migrations/MigrateCommand.php(81): Illuminate\\Database\\Migrations\\Migrator->usingConnection(NULL, Object(Closure))
#19 /home/otgpanel2017/public_html/[WEBSITES]/efodia.com/user/api/vendor/laravel/framework/src/Illuminate/Container/BoundMethod.php(36): Illuminate\\Database\\Console\\Migrations\\MigrateCommand->handle()
#20 /home/otgpanel2017/public_html/[WEBSITES]/efodia.com/user/api/vendor/laravel/framework/src/Illuminate/Container/Util.php(37): Illuminate\\Container\\BoundMethod::Illuminate\\Container\\{closure}()
#21 /home/otgpanel2017/public_html/[WEBSITES]/efodia.com/user/api/vendor/laravel/framework/src/Illuminate/Container/BoundMethod.php(93): Illuminate\\Container\\Util::unwrapIfClosure(Object(Closure))
#22 /home/otgpanel2017/public_html/[WEBSITES]/efodia.com/user/api/vendor/laravel/framework/src/Illuminate/Container/BoundMethod.php(37): Illuminate\\Container\\BoundMethod::callBoundMethod(Object(Illuminate\\Foundation\\Application), Array, Object(Closure))
#23 /home/otgpanel2017/public_html/[WEBSITES]/efodia.com/user/api/vendor/laravel/framework/src/Illuminate/Container/Container.php(596): Illuminate\\Container\\BoundMethod::call(Object(Illuminate\\Foundation\\Application), Array, Array, NULL)
#24 /home/otgpanel2017/public_html/[WEBSITES]/efodia.com/user/api/vendor/laravel/framework/src/Illuminate/Console/Command.php(134): Illuminate\\Container\\Container->call(Array)
#25 /home/otgpanel2017/public_html/[WEBSITES]/efodia.com/user/api/vendor/symfony/console/Command/Command.php(299): Illuminate\\Console\\Command->execute(Object(Symfony\\Component\\Console\\Input\\ArgvInput), Object(Illuminate\\Console\\OutputStyle))
#26 /home/otgpanel2017/public_html/[WEBSITES]/efodia.com/user/api/vendor/laravel/framework/src/Illuminate/Console/Command.php(121): Symfony\\Component\\Console\\Command\\Command->run(Object(Symfony\\Component\\Console\\Input\\ArgvInput), Object(Illuminate\\Console\\OutputStyle))
#27 /home/otgpanel2017/public_html/[WEBSITES]/efodia.com/user/api/vendor/symfony/console/Application.php(978): Illuminate\\Console\\Command->run(Object(Symfony\\Component\\Console\\Input\\ArgvInput), Object(Symfony\\Component\\Console\\Output\\ConsoleOutput))
#28 /home/otgpanel2017/public_html/[WEBSITES]/efodia.com/user/api/vendor/symfony/console/Application.php(295): Symfony\\Component\\Console\\Application->doRunCommand(Object(Illuminate\\Database\\Console\\Migrations\\MigrateCommand), Object(Symfony\\Component\\Console\\Input\\ArgvInput), Object(Symfony\\Component\\Console\\Output\\ConsoleOutput))
#29 /home/otgpanel2017/public_html/[WEBSITES]/efodia.com/user/api/vendor/symfony/console/Application.php(167): Symfony\\Component\\Console\\Application->doRun(Object(Symfony\\Component\\Console\\Input\\ArgvInput), Object(Symfony\\Component\\Console\\Output\\ConsoleOutput))
#30 /home/otgpanel2017/public_html/[WEBSITES]/efodia.com/user/api/vendor/laravel/framework/src/Illuminate/Console/Application.php(93): Symfony\\Component\\Console\\Application->run(Object(Symfony\\Component\\Console\\Input\\ArgvInput), Object(Symfony\\Component\\Console\\Output\\ConsoleOutput))
#31 /home/otgpanel2017/public_html/[WEBSITES]/efodia.com/user/api/vendor/laravel/framework/src/Illuminate/Foundation/Console/Kernel.php(129): Illuminate\\Console\\Application->run(Object(Symfony\\Component\\Console\\Input\\ArgvInput), Object(Symfony\\Component\\Console\\Output\\ConsoleOutput))
#32 /home/otgpanel2017/public_html/[WEBSITES]/efodia.com/user/api/artisan(37): Illuminate\\Foundation\\Console\\Kernel->handle(Object(Symfony\\Component\\Console\\Input\\ArgvInput), Object(Symfony\\Component\\Console\\Output\\ConsoleOutput))
#33 {main}
"} 
[2021-08-30 13:56:24] local.ERROR: SQLSTATE[28000] [1045] Access denied for user 'root'@'localhost' (using password: NO) (SQL: select * from information_schema.tables where table_schema = efodia and table_name = migrations and table_type = 'BASE TABLE') {"exception":"[object] (Illuminate\\Database\\QueryException(code: 1045): SQLSTATE[28000] [1045] Access denied for user 'root'@'localhost' (using password: NO) (SQL: select * from information_schema.tables where table_schema = efodia and table_name = migrations and table_type = 'BASE TABLE') at /home/otgpanel2017/public_html/[WEBSITES]/efodia.com/user/api/vendor/laravel/framework/src/Illuminate/Database/Connection.php:671)
[stacktrace]
#0 /home/otgpanel2017/public_html/[WEBSITES]/efodia.com/user/api/vendor/laravel/framework/src/Illuminate/Database/Connection.php(631): Illuminate\\Database\\Connection->runQueryCallback('select * from i...', Array, Object(Closure))
#1 /home/otgpanel2017/public_html/[WEBSITES]/efodia.com/user/api/vendor/laravel/framework/src/Illuminate/Database/Connection.php(339): Illuminate\\Database\\Connection->run('select * from i...', Array, Object(Closure))
#2 /home/otgpanel2017/public_html/[WEBSITES]/efodia.com/user/api/vendor/laravel/framework/src/Illuminate/Database/Schema/MySqlBuilder.php(18): Illuminate\\Database\\Connection->select('select * from i...', Array)
#3 /home/otgpanel2017/public_html/[WEBSITES]/efodia.com/user/api/vendor/laravel/framework/src/Illuminate/Database/Migrations/DatabaseMigrationRepository.php(169): Illuminate\\Database\\Schema\\MySqlBuilder->hasTable('migrations')
#4 /home/otgpanel2017/public_html/[WEBSITES]/efodia.com/user/api/vendor/laravel/framework/src/Illuminate/Database/Migrations/Migrator.php(608): Illuminate\\Database\\Migrations\\DatabaseMigrationRepository->repositoryExists()
#5 /home/otgpanel2017/public_html/[WEBSITES]/efodia.com/user/api/vendor/laravel/framework/src/Illuminate/Database/Console/Migrations/MigrateCommand.php(93): Illuminate\\Database\\Migrations\\Migrator->repositoryExists()
#6 /home/otgpanel2017/public_html/[WEBSITES]/efodia.com/user/api/vendor/laravel/framework/src/Illuminate/Database/Console/Migrations/MigrateCommand.php(64): Illuminate\\Database\\Console\\Migrations\\MigrateCommand->prepareDatabase()
#7 /home/otgpanel2017/public_html/[WEBSITES]/efodia.com/user/api/vendor/laravel/framework/src/Illuminate/Database/Migrations/Migrator.php(541): Illuminate\\Database\\Console\\Migrations\\MigrateCommand->Illuminate\\Database\\Console\\Migrations\\{closure}()
#8 /home/otgpanel2017/public_html/[WEBSITES]/efodia.com/user/api/vendor/laravel/framework/src/Illuminate/Database/Console/Migrations/MigrateCommand.php(81): Illuminate\\Database\\Migrations\\Migrator->usingConnection(NULL, Object(Closure))
#9 /home/otgpanel2017/public_html/[WEBSITES]/efodia.com/user/api/vendor/laravel/framework/src/Illuminate/Container/BoundMethod.php(36): Illuminate\\Database\\Console\\Migrations\\MigrateCommand->handle()
#10 /home/otgpanel2017/public_html/[WEBSITES]/efodia.com/user/api/vendor/laravel/framework/src/Illuminate/Container/Util.php(37): Illuminate\\Container\\BoundMethod::Illuminate\\Container\\{closure}()
#11 /home/otgpanel2017/public_html/[WEBSITES]/efodia.com/user/api/vendor/laravel/framework/src/Illuminate/Container/BoundMethod.php(93): Illuminate\\Container\\Util::unwrapIfClosure(Object(Closure))
#12 /home/otgpanel2017/public_html/[WEBSITES]/efodia.com/user/api/vendor/laravel/framework/src/Illuminate/Container/BoundMethod.php(37): Illuminate\\Container\\BoundMethod::callBoundMethod(Object(Illuminate\\Foundation\\Application), Array, Object(Closure))
#13 /home/otgpanel2017/public_html/[WEBSITES]/efodia.com/user/api/vendor/laravel/framework/src/Illuminate/Container/Container.php(596): Illuminate\\Container\\BoundMethod::call(Object(Illuminate\\Foundation\\Application), Array, Array, NULL)
#14 /home/otgpanel2017/public_html/[WEBSITES]/efodia.com/user/api/vendor/laravel/framework/src/Illuminate/Console/Command.php(134): Illuminate\\Container\\Container->call(Array)
#15 /home/otgpanel2017/public_html/[WEBSITES]/efodia.com/user/api/vendor/symfony/console/Command/Command.php(299): Illuminate\\Console\\Command->execute(Object(Symfony\\Component\\Console\\Input\\ArgvInput), Object(Illuminate\\Console\\OutputStyle))
#16 /home/otgpanel2017/public_html/[WEBSITES]/efodia.com/user/api/vendor/laravel/framework/src/Illuminate/Console/Command.php(121): Symfony\\Component\\Console\\Command\\Command->run(Object(Symfony\\Component\\Console\\Input\\ArgvInput), Object(Illuminate\\Console\\OutputStyle))
#17 /home/otgpanel2017/public_html/[WEBSITES]/efodia.com/user/api/vendor/symfony/console/Application.php(978): Illuminate\\Console\\Command->run(Object(Symfony\\Component\\Console\\Input\\ArgvInput), Object(Symfony\\Component\\Console\\Output\\ConsoleOutput))
#18 /home/otgpanel2017/public_html/[WEBSITES]/efodia.com/user/api/vendor/symfony/console/Application.php(295): Symfony\\Component\\Console\\Application->doRunCommand(Object(Illuminate\\Database\\Console\\Migrations\\MigrateCommand), Object(Symfony\\Component\\Console\\Input\\ArgvInput), Object(Symfony\\Component\\Console\\Output\\ConsoleOutput))
#19 /home/otgpanel2017/public_html/[WEBSITES]/efodia.com/user/api/vendor/symfony/console/Application.php(167): Symfony\\Component\\Console\\Application->doRun(Object(Symfony\\Component\\Console\\Input\\ArgvInput), Object(Symfony\\Component\\Console\\Output\\ConsoleOutput))
#20 /home/otgpanel2017/public_html/[WEBSITES]/efodia.com/user/api/vendor/laravel/framework/src/Illuminate/Console/Application.php(93): Symfony\\Component\\Console\\Application->run(Object(Symfony\\Component\\Console\\Input\\ArgvInput), Object(Symfony\\Component\\Console\\Output\\ConsoleOutput))
#21 /home/otgpanel2017/public_html/[WEBSITES]/efodia.com/user/api/vendor/laravel/framework/src/Illuminate/Foundation/Console/Kernel.php(129): Illuminate\\Console\\Application->run(Object(Symfony\\Component\\Console\\Input\\ArgvInput), Object(Symfony\\Component\\Console\\Output\\ConsoleOutput))
#22 /home/otgpanel2017/public_html/[WEBSITES]/efodia.com/user/api/artisan(37): Illuminate\\Foundation\\Console\\Kernel->handle(Object(Symfony\\Component\\Console\\Input\\ArgvInput), Object(Symfony\\Component\\Console\\Output\\ConsoleOutput))
#23 {main}

[previous exception] [object] (PDOException(code: 1045): SQLSTATE[28000] [1045] Access denied for user 'root'@'localhost' (using password: NO) at /home/otgpanel2017/public_html/[WEBSITES]/efodia.com/user/api/vendor/laravel/framework/src/Illuminate/Database/Connectors/Connector.php:70)
[stacktrace]
#0 /home/otgpanel2017/public_html/[WEBSITES]/efodia.com/user/api/vendor/laravel/framework/src/Illuminate/Database/Connectors/Connector.php(70): PDO->__construct('mysql:host=127....', 'root', '', Array)
#1 /home/otgpanel2017/public_html/[WEBSITES]/efodia.com/user/api/vendor/laravel/framework/src/Illuminate/Database/Connectors/Connector.php(46): Illuminate\\Database\\Connectors\\Connector->createPdoConnection('mysql:host=127....', 'root', '', Array)
#2 /home/otgpanel2017/public_html/[WEBSITES]/efodia.com/user/api/vendor/laravel/framework/src/Illuminate/Database/Connectors/MySqlConnector.php(24): Illuminate\\Database\\Connectors\\Connector->createConnection('mysql:host=127....', Array, Array)
#3 /home/otgpanel2017/public_html/[WEBSITES]/efodia.com/user/api/vendor/laravel/framework/src/Illuminate/Database/Connectors/ConnectionFactory.php(184): Illuminate\\Database\\Connectors\\MySqlConnector->connect(Array)
#4 [internal function]: Illuminate\\Database\\Connectors\\ConnectionFactory->Illuminate\\Database\\Connectors\\{closure}()
#5 /home/otgpanel2017/public_html/[WEBSITES]/efodia.com/user/api/vendor/laravel/framework/src/Illuminate/Database/Connection.php(926): call_user_func(Object(Closure))
#6 /home/otgpanel2017/public_html/[WEBSITES]/efodia.com/user/api/vendor/laravel/framework/src/Illuminate/Database/Connection.php(961): Illuminate\\Database\\Connection->getPdo()
#7 /home/otgpanel2017/public_html/[WEBSITES]/efodia.com/user/api/vendor/laravel/framework/src/Illuminate/Database/Connection.php(405): Illuminate\\Database\\Connection->getReadPdo()
#8 /home/otgpanel2017/public_html/[WEBSITES]/efodia.com/user/api/vendor/laravel/framework/src/Illuminate/Database/Connection.php(331): Illuminate\\Database\\Connection->getPdoForSelect(true)
#9 /home/otgpanel2017/public_html/[WEBSITES]/efodia.com/user/api/vendor/laravel/framework/src/Illuminate/Database/Connection.php(664): Illuminate\\Database\\Connection->Illuminate\\Database\\{closure}('select * from i...', Array)
#10 /home/otgpanel2017/public_html/[WEBSITES]/efodia.com/user/api/vendor/laravel/framework/src/Illuminate/Database/Connection.php(631): Illuminate\\Database\\Connection->runQueryCallback('select * from i...', Array, Object(Closure))
#11 /home/otgpanel2017/public_html/[WEBSITES]/efodia.com/user/api/vendor/laravel/framework/src/Illuminate/Database/Connection.php(339): Illuminate\\Database\\Connection->run('select * from i...', Array, Object(Closure))
#12 /home/otgpanel2017/public_html/[WEBSITES]/efodia.com/user/api/vendor/laravel/framework/src/Illuminate/Database/Schema/MySqlBuilder.php(18): Illuminate\\Database\\Connection->select('select * from i...', Array)
#13 /home/otgpanel2017/public_html/[WEBSITES]/efodia.com/user/api/vendor/laravel/framework/src/Illuminate/Database/Migrations/DatabaseMigrationRepository.php(169): Illuminate\\Database\\Schema\\MySqlBuilder->hasTable('migrations')
#14 /home/otgpanel2017/public_html/[WEBSITES]/efodia.com/user/api/vendor/laravel/framework/src/Illuminate/Database/Migrations/Migrator.php(608): Illuminate\\Database\\Migrations\\DatabaseMigrationRepository->repositoryExists()
#15 /home/otgpanel2017/public_html/[WEBSITES]/efodia.com/user/api/vendor/laravel/framework/src/Illuminate/Database/Console/Migrations/MigrateCommand.php(93): Illuminate\\Database\\Migrations\\Migrator->repositoryExists()
#16 /home/otgpanel2017/public_html/[WEBSITES]/efodia.com/user/api/vendor/laravel/framework/src/Illuminate/Database/Console/Migrations/MigrateCommand.php(64): Illuminate\\Database\\Console\\Migrations\\MigrateCommand->prepareDatabase()
#17 /home/otgpanel2017/public_html/[WEBSITES]/efodia.com/user/api/vendor/laravel/framework/src/Illuminate/Database/Migrations/Migrator.php(541): Illuminate\\Database\\Console\\Migrations\\MigrateCommand->Illuminate\\Database\\Console\\Migrations\\{closure}()
#18 /home/otgpanel2017/public_html/[WEBSITES]/efodia.com/user/api/vendor/laravel/framework/src/Illuminate/Database/Console/Migrations/MigrateCommand.php(81): Illuminate\\Database\\Migrations\\Migrator->usingConnection(NULL, Object(Closure))
#19 /home/otgpanel2017/public_html/[WEBSITES]/efodia.com/user/api/vendor/laravel/framework/src/Illuminate/Container/BoundMethod.php(36): Illuminate\\Database\\Console\\Migrations\\MigrateCommand->handle()
#20 /home/otgpanel2017/public_html/[WEBSITES]/efodia.com/user/api/vendor/laravel/framework/src/Illuminate/Container/Util.php(37): Illuminate\\Container\\BoundMethod::Illuminate\\Container\\{closure}()
#21 /home/otgpanel2017/public_html/[WEBSITES]/efodia.com/user/api/vendor/laravel/framework/src/Illuminate/Container/BoundMethod.php(93): Illuminate\\Container\\Util::unwrapIfClosure(Object(Closure))
#22 /home/otgpanel2017/public_html/[WEBSITES]/efodia.com/user/api/vendor/laravel/framework/src/Illuminate/Container/BoundMethod.php(37): Illuminate\\Container\\BoundMethod::callBoundMethod(Object(Illuminate\\Foundation\\Application), Array, Object(Closure))
#23 /home/otgpanel2017/public_html/[WEBSITES]/efodia.com/user/api/vendor/laravel/framework/src/Illuminate/Container/Container.php(596): Illuminate\\Container\\BoundMethod::call(Object(Illuminate\\Foundation\\Application), Array, Array, NULL)
#24 /home/otgpanel2017/public_html/[WEBSITES]/efodia.com/user/api/vendor/laravel/framework/src/Illuminate/Console/Command.php(134): Illuminate\\Container\\Container->call(Array)
#25 /home/otgpanel2017/public_html/[WEBSITES]/efodia.com/user/api/vendor/symfony/console/Command/Command.php(299): Illuminate\\Console\\Command->execute(Object(Symfony\\Component\\Console\\Input\\ArgvInput), Object(Illuminate\\Console\\OutputStyle))
#26 /home/otgpanel2017/public_html/[WEBSITES]/efodia.com/user/api/vendor/laravel/framework/src/Illuminate/Console/Command.php(121): Symfony\\Component\\Console\\Command\\Command->run(Object(Symfony\\Component\\Console\\Input\\ArgvInput), Object(Illuminate\\Console\\OutputStyle))
#27 /home/otgpanel2017/public_html/[WEBSITES]/efodia.com/user/api/vendor/symfony/console/Application.php(978): Illuminate\\Console\\Command->run(Object(Symfony\\Component\\Console\\Input\\ArgvInput), Object(Symfony\\Component\\Console\\Output\\ConsoleOutput))
#28 /home/otgpanel2017/public_html/[WEBSITES]/efodia.com/user/api/vendor/symfony/console/Application.php(295): Symfony\\Component\\Console\\Application->doRunCommand(Object(Illuminate\\Database\\Console\\Migrations\\MigrateCommand), Object(Symfony\\Component\\Console\\Input\\ArgvInput), Object(Symfony\\Component\\Console\\Output\\ConsoleOutput))
#29 /home/otgpanel2017/public_html/[WEBSITES]/efodia.com/user/api/vendor/symfony/console/Application.php(167): Symfony\\Component\\Console\\Application->doRun(Object(Symfony\\Component\\Console\\Input\\ArgvInput), Object(Symfony\\Component\\Console\\Output\\ConsoleOutput))
#30 /home/otgpanel2017/public_html/[WEBSITES]/efodia.com/user/api/vendor/laravel/framework/src/Illuminate/Console/Application.php(93): Symfony\\Component\\Console\\Application->run(Object(Symfony\\Component\\Console\\Input\\ArgvInput), Object(Symfony\\Component\\Console\\Output\\ConsoleOutput))
#31 /home/otgpanel2017/public_html/[WEBSITES]/efodia.com/user/api/vendor/laravel/framework/src/Illuminate/Foundation/Console/Kernel.php(129): Illuminate\\Console\\Application->run(Object(Symfony\\Component\\Console\\Input\\ArgvInput), Object(Symfony\\Component\\Console\\Output\\ConsoleOutput))
#32 /home/otgpanel2017/public_html/[WEBSITES]/efodia.com/user/api/artisan(37): Illuminate\\Foundation\\Console\\Kernel->handle(Object(Symfony\\Component\\Console\\Input\\ArgvInput), Object(Symfony\\Component\\Console\\Output\\ConsoleOutput))
#33 {main}
"} 
[2021-08-30 13:57:14] local.ERROR: SQLSTATE[28000] [1045] Access denied for user 'root'@'localhost' (using password: NO) (SQL: select * from information_schema.tables where table_schema = efodia and table_name = migrations and table_type = 'BASE TABLE') {"exception":"[object] (Illuminate\\Database\\QueryException(code: 1045): SQLSTATE[28000] [1045] Access denied for user 'root'@'localhost' (using password: NO) (SQL: select * from information_schema.tables where table_schema = efodia and table_name = migrations and table_type = 'BASE TABLE') at /home/otgpanel2017/public_html/[WEBSITES]/efodia.com/user/api/vendor/laravel/framework/src/Illuminate/Database/Connection.php:671)
[stacktrace]
#0 /home/otgpanel2017/public_html/[WEBSITES]/efodia.com/user/api/vendor/laravel/framework/src/Illuminate/Database/Connection.php(631): Illuminate\\Database\\Connection->runQueryCallback('select * from i...', Array, Object(Closure))
#1 /home/otgpanel2017/public_html/[WEBSITES]/efodia.com/user/api/vendor/laravel/framework/src/Illuminate/Database/Connection.php(339): Illuminate\\Database\\Connection->run('select * from i...', Array, Object(Closure))
#2 /home/otgpanel2017/public_html/[WEBSITES]/efodia.com/user/api/vendor/laravel/framework/src/Illuminate/Database/Schema/MySqlBuilder.php(18): Illuminate\\Database\\Connection->select('select * from i...', Array)
#3 /home/otgpanel2017/public_html/[WEBSITES]/efodia.com/user/api/vendor/laravel/framework/src/Illuminate/Database/Migrations/DatabaseMigrationRepository.php(169): Illuminate\\Database\\Schema\\MySqlBuilder->hasTable('migrations')
#4 /home/otgpanel2017/public_html/[WEBSITES]/efodia.com/user/api/vendor/laravel/framework/src/Illuminate/Database/Migrations/Migrator.php(608): Illuminate\\Database\\Migrations\\DatabaseMigrationRepository->repositoryExists()
#5 /home/otgpanel2017/public_html/[WEBSITES]/efodia.com/user/api/vendor/laravel/framework/src/Illuminate/Database/Console/Migrations/MigrateCommand.php(93): Illuminate\\Database\\Migrations\\Migrator->repositoryExists()
#6 /home/otgpanel2017/public_html/[WEBSITES]/efodia.com/user/api/vendor/laravel/framework/src/Illuminate/Database/Console/Migrations/MigrateCommand.php(64): Illuminate\\Database\\Console\\Migrations\\MigrateCommand->prepareDatabase()
#7 /home/otgpanel2017/public_html/[WEBSITES]/efodia.com/user/api/vendor/laravel/framework/src/Illuminate/Database/Migrations/Migrator.php(541): Illuminate\\Database\\Console\\Migrations\\MigrateCommand->Illuminate\\Database\\Console\\Migrations\\{closure}()
#8 /home/otgpanel2017/public_html/[WEBSITES]/efodia.com/user/api/vendor/laravel/framework/src/Illuminate/Database/Console/Migrations/MigrateCommand.php(81): Illuminate\\Database\\Migrations\\Migrator->usingConnection(NULL, Object(Closure))
#9 /home/otgpanel2017/public_html/[WEBSITES]/efodia.com/user/api/vendor/laravel/framework/src/Illuminate/Container/BoundMethod.php(36): Illuminate\\Database\\Console\\Migrations\\MigrateCommand->handle()
#10 /home/otgpanel2017/public_html/[WEBSITES]/efodia.com/user/api/vendor/laravel/framework/src/Illuminate/Container/Util.php(37): Illuminate\\Container\\BoundMethod::Illuminate\\Container\\{closure}()
#11 /home/otgpanel2017/public_html/[WEBSITES]/efodia.com/user/api/vendor/laravel/framework/src/Illuminate/Container/BoundMethod.php(93): Illuminate\\Container\\Util::unwrapIfClosure(Object(Closure))
#12 /home/otgpanel2017/public_html/[WEBSITES]/efodia.com/user/api/vendor/laravel/framework/src/Illuminate/Container/BoundMethod.php(37): Illuminate\\Container\\BoundMethod::callBoundMethod(Object(Illuminate\\Foundation\\Application), Array, Object(Closure))
#13 /home/otgpanel2017/public_html/[WEBSITES]/efodia.com/user/api/vendor/laravel/framework/src/Illuminate/Container/Container.php(596): Illuminate\\Container\\BoundMethod::call(Object(Illuminate\\Foundation\\Application), Array, Array, NULL)
#14 /home/otgpanel2017/public_html/[WEBSITES]/efodia.com/user/api/vendor/laravel/framework/src/Illuminate/Console/Command.php(134): Illuminate\\Container\\Container->call(Array)
#15 /home/otgpanel2017/public_html/[WEBSITES]/efodia.com/user/api/vendor/symfony/console/Command/Command.php(299): Illuminate\\Console\\Command->execute(Object(Symfony\\Component\\Console\\Input\\ArgvInput), Object(Illuminate\\Console\\OutputStyle))
#16 /home/otgpanel2017/public_html/[WEBSITES]/efodia.com/user/api/vendor/laravel/framework/src/Illuminate/Console/Command.php(121): Symfony\\Component\\Console\\Command\\Command->run(Object(Symfony\\Component\\Console\\Input\\ArgvInput), Object(Illuminate\\Console\\OutputStyle))
#17 /home/otgpanel2017/public_html/[WEBSITES]/efodia.com/user/api/vendor/symfony/console/Application.php(978): Illuminate\\Console\\Command->run(Object(Symfony\\Component\\Console\\Input\\ArgvInput), Object(Symfony\\Component\\Console\\Output\\ConsoleOutput))
#18 /home/otgpanel2017/public_html/[WEBSITES]/efodia.com/user/api/vendor/symfony/console/Application.php(295): Symfony\\Component\\Console\\Application->doRunCommand(Object(Illuminate\\Database\\Console\\Migrations\\MigrateCommand), Object(Symfony\\Component\\Console\\Input\\ArgvInput), Object(Symfony\\Component\\Console\\Output\\ConsoleOutput))
#19 /home/otgpanel2017/public_html/[WEBSITES]/efodia.com/user/api/vendor/symfony/console/Application.php(167): Symfony\\Component\\Console\\Application->doRun(Object(Symfony\\Component\\Console\\Input\\ArgvInput), Object(Symfony\\Component\\Console\\Output\\ConsoleOutput))
#20 /home/otgpanel2017/public_html/[WEBSITES]/efodia.com/user/api/vendor/laravel/framework/src/Illuminate/Console/Application.php(93): Symfony\\Component\\Console\\Application->run(Object(Symfony\\Component\\Console\\Input\\ArgvInput), Object(Symfony\\Component\\Console\\Output\\ConsoleOutput))
#21 /home/otgpanel2017/public_html/[WEBSITES]/efodia.com/user/api/vendor/laravel/framework/src/Illuminate/Foundation/Console/Kernel.php(129): Illuminate\\Console\\Application->run(Object(Symfony\\Component\\Console\\Input\\ArgvInput), Object(Symfony\\Component\\Console\\Output\\ConsoleOutput))
#22 /home/otgpanel2017/public_html/[WEBSITES]/efodia.com/user/api/artisan(37): Illuminate\\Foundation\\Console\\Kernel->handle(Object(Symfony\\Component\\Console\\Input\\ArgvInput), Object(Symfony\\Component\\Console\\Output\\ConsoleOutput))
#23 {main}

[previous exception] [object] (PDOException(code: 1045): SQLSTATE[28000] [1045] Access denied for user 'root'@'localhost' (using password: NO) at /home/otgpanel2017/public_html/[WEBSITES]/efodia.com/user/api/vendor/laravel/framework/src/Illuminate/Database/Connectors/Connector.php:70)
[stacktrace]
#0 /home/otgpanel2017/public_html/[WEBSITES]/efodia.com/user/api/vendor/laravel/framework/src/Illuminate/Database/Connectors/Connector.php(70): PDO->__construct('mysql:host=127....', 'root', '', Array)
#1 /home/otgpanel2017/public_html/[WEBSITES]/efodia.com/user/api/vendor/laravel/framework/src/Illuminate/Database/Connectors/Connector.php(46): Illuminate\\Database\\Connectors\\Connector->createPdoConnection('mysql:host=127....', 'root', '', Array)
#2 /home/otgpanel2017/public_html/[WEBSITES]/efodia.com/user/api/vendor/laravel/framework/src/Illuminate/Database/Connectors/MySqlConnector.php(24): Illuminate\\Database\\Connectors\\Connector->createConnection('mysql:host=127....', Array, Array)
#3 /home/otgpanel2017/public_html/[WEBSITES]/efodia.com/user/api/vendor/laravel/framework/src/Illuminate/Database/Connectors/ConnectionFactory.php(184): Illuminate\\Database\\Connectors\\MySqlConnector->connect(Array)
#4 [internal function]: Illuminate\\Database\\Connectors\\ConnectionFactory->Illuminate\\Database\\Connectors\\{closure}()
#5 /home/otgpanel2017/public_html/[WEBSITES]/efodia.com/user/api/vendor/laravel/framework/src/Illuminate/Database/Connection.php(926): call_user_func(Object(Closure))
#6 /home/otgpanel2017/public_html/[WEBSITES]/efodia.com/user/api/vendor/laravel/framework/src/Illuminate/Database/Connection.php(961): Illuminate\\Database\\Connection->getPdo()
#7 /home/otgpanel2017/public_html/[WEBSITES]/efodia.com/user/api/vendor/laravel/framework/src/Illuminate/Database/Connection.php(405): Illuminate\\Database\\Connection->getReadPdo()
#8 /home/otgpanel2017/public_html/[WEBSITES]/efodia.com/user/api/vendor/laravel/framework/src/Illuminate/Database/Connection.php(331): Illuminate\\Database\\Connection->getPdoForSelect(true)
#9 /home/otgpanel2017/public_html/[WEBSITES]/efodia.com/user/api/vendor/laravel/framework/src/Illuminate/Database/Connection.php(664): Illuminate\\Database\\Connection->Illuminate\\Database\\{closure}('select * from i...', Array)
#10 /home/otgpanel2017/public_html/[WEBSITES]/efodia.com/user/api/vendor/laravel/framework/src/Illuminate/Database/Connection.php(631): Illuminate\\Database\\Connection->runQueryCallback('select * from i...', Array, Object(Closure))
#11 /home/otgpanel2017/public_html/[WEBSITES]/efodia.com/user/api/vendor/laravel/framework/src/Illuminate/Database/Connection.php(339): Illuminate\\Database\\Connection->run('select * from i...', Array, Object(Closure))
#12 /home/otgpanel2017/public_html/[WEBSITES]/efodia.com/user/api/vendor/laravel/framework/src/Illuminate/Database/Schema/MySqlBuilder.php(18): Illuminate\\Database\\Connection->select('select * from i...', Array)
#13 /home/otgpanel2017/public_html/[WEBSITES]/efodia.com/user/api/vendor/laravel/framework/src/Illuminate/Database/Migrations/DatabaseMigrationRepository.php(169): Illuminate\\Database\\Schema\\MySqlBuilder->hasTable('migrations')
#14 /home/otgpanel2017/public_html/[WEBSITES]/efodia.com/user/api/vendor/laravel/framework/src/Illuminate/Database/Migrations/Migrator.php(608): Illuminate\\Database\\Migrations\\DatabaseMigrationRepository->repositoryExists()
#15 /home/otgpanel2017/public_html/[WEBSITES]/efodia.com/user/api/vendor/laravel/framework/src/Illuminate/Database/Console/Migrations/MigrateCommand.php(93): Illuminate\\Database\\Migrations\\Migrator->repositoryExists()
#16 /home/otgpanel2017/public_html/[WEBSITES]/efodia.com/user/api/vendor/laravel/framework/src/Illuminate/Database/Console/Migrations/MigrateCommand.php(64): Illuminate\\Database\\Console\\Migrations\\MigrateCommand->prepareDatabase()
#17 /home/otgpanel2017/public_html/[WEBSITES]/efodia.com/user/api/vendor/laravel/framework/src/Illuminate/Database/Migrations/Migrator.php(541): Illuminate\\Database\\Console\\Migrations\\MigrateCommand->Illuminate\\Database\\Console\\Migrations\\{closure}()
#18 /home/otgpanel2017/public_html/[WEBSITES]/efodia.com/user/api/vendor/laravel/framework/src/Illuminate/Database/Console/Migrations/MigrateCommand.php(81): Illuminate\\Database\\Migrations\\Migrator->usingConnection(NULL, Object(Closure))
#19 /home/otgpanel2017/public_html/[WEBSITES]/efodia.com/user/api/vendor/laravel/framework/src/Illuminate/Container/BoundMethod.php(36): Illuminate\\Database\\Console\\Migrations\\MigrateCommand->handle()
#20 /home/otgpanel2017/public_html/[WEBSITES]/efodia.com/user/api/vendor/laravel/framework/src/Illuminate/Container/Util.php(37): Illuminate\\Container\\BoundMethod::Illuminate\\Container\\{closure}()
#21 /home/otgpanel2017/public_html/[WEBSITES]/efodia.com/user/api/vendor/laravel/framework/src/Illuminate/Container/BoundMethod.php(93): Illuminate\\Container\\Util::unwrapIfClosure(Object(Closure))
#22 /home/otgpanel2017/public_html/[WEBSITES]/efodia.com/user/api/vendor/laravel/framework/src/Illuminate/Container/BoundMethod.php(37): Illuminate\\Container\\BoundMethod::callBoundMethod(Object(Illuminate\\Foundation\\Application), Array, Object(Closure))
#23 /home/otgpanel2017/public_html/[WEBSITES]/efodia.com/user/api/vendor/laravel/framework/src/Illuminate/Container/Container.php(596): Illuminate\\Container\\BoundMethod::call(Object(Illuminate\\Foundation\\Application), Array, Array, NULL)
#24 /home/otgpanel2017/public_html/[WEBSITES]/efodia.com/user/api/vendor/laravel/framework/src/Illuminate/Console/Command.php(134): Illuminate\\Container\\Container->call(Array)
#25 /home/otgpanel2017/public_html/[WEBSITES]/efodia.com/user/api/vendor/symfony/console/Command/Command.php(299): Illuminate\\Console\\Command->execute(Object(Symfony\\Component\\Console\\Input\\ArgvInput), Object(Illuminate\\Console\\OutputStyle))
#26 /home/otgpanel2017/public_html/[WEBSITES]/efodia.com/user/api/vendor/laravel/framework/src/Illuminate/Console/Command.php(121): Symfony\\Component\\Console\\Command\\Command->run(Object(Symfony\\Component\\Console\\Input\\ArgvInput), Object(Illuminate\\Console\\OutputStyle))
#27 /home/otgpanel2017/public_html/[WEBSITES]/efodia.com/user/api/vendor/symfony/console/Application.php(978): Illuminate\\Console\\Command->run(Object(Symfony\\Component\\Console\\Input\\ArgvInput), Object(Symfony\\Component\\Console\\Output\\ConsoleOutput))
#28 /home/otgpanel2017/public_html/[WEBSITES]/efodia.com/user/api/vendor/symfony/console/Application.php(295): Symfony\\Component\\Console\\Application->doRunCommand(Object(Illuminate\\Database\\Console\\Migrations\\MigrateCommand), Object(Symfony\\Component\\Console\\Input\\ArgvInput), Object(Symfony\\Component\\Console\\Output\\ConsoleOutput))
#29 /home/otgpanel2017/public_html/[WEBSITES]/efodia.com/user/api/vendor/symfony/console/Application.php(167): Symfony\\Component\\Console\\Application->doRun(Object(Symfony\\Component\\Console\\Input\\ArgvInput), Object(Symfony\\Component\\Console\\Output\\ConsoleOutput))
#30 /home/otgpanel2017/public_html/[WEBSITES]/efodia.com/user/api/vendor/laravel/framework/src/Illuminate/Console/Application.php(93): Symfony\\Component\\Console\\Application->run(Object(Symfony\\Component\\Console\\Input\\ArgvInput), Object(Symfony\\Component\\Console\\Output\\ConsoleOutput))
#31 /home/otgpanel2017/public_html/[WEBSITES]/efodia.com/user/api/vendor/laravel/framework/src/Illuminate/Foundation/Console/Kernel.php(129): Illuminate\\Console\\Application->run(Object(Symfony\\Component\\Console\\Input\\ArgvInput), Object(Symfony\\Component\\Console\\Output\\ConsoleOutput))
#32 /home/otgpanel2017/public_html/[WEBSITES]/efodia.com/user/api/artisan(37): Illuminate\\Foundation\\Console\\Kernel->handle(Object(Symfony\\Component\\Console\\Input\\ArgvInput), Object(Symfony\\Component\\Console\\Output\\ConsoleOutput))
#33 {main}
"} 
